// Jest Snapshot v1, https://goo.gl/fbAQLP

exports[`SlotTableRow.vue has the expected html structure 1`] = `
<tr
  baz="quux"
  class="bar"
>
  foo
</tr>
`;
